// Vitest Snapshot v1, https://vitest.dev/guide/snapshot.html

exports[`Flipping plugin > can flip both horizontally and vertically at once 1`] = `
Visualization:

AACCCCAA
CCCCCCCC
CCCCCCCC
CCCCCCCC
BABABABA
BAAABAAA
BBBBAAAA

Data:

AA-AA-AAᶠᶠ AA-AA-AAᶠᶠ CC-CC-CCᶠᶠ CC-CC-CCᶠᶠ CC-CC-CCᶠᶠ CC-CC-CCᶠᶠ AA-AA-AAᶠᶠ AA-AA-AAᶠᶠ
CC-CC-CCᶠᶠ CC-CC-CCᶠᶠ CC-CC-CCᶠᶠ CC-CC-CCᶠᶠ CC-CC-CCᶠᶠ CC-CC-CCᶠᶠ CC-CC-CCᶠᶠ CC-CC-CCᶠᶠ
CC-CC-CCᶠᶠ CC-CC-CCᶠᶠ CC-CC-CCᶠᶠ CC-CC-CCᶠᶠ CC-CC-CCᶠᶠ CC-CC-CCᶠᶠ CC-CC-CCᶠᶠ CC-CC-CCᶠᶠ
CC-CC-CCᶠᶠ CC-CC-CCᶠᶠ CC-CC-CCᶠᶠ CC-CC-CCᶠᶠ CC-CC-CCᶠᶠ CC-CC-CCᶠᶠ CC-CC-CCᶠᶠ CC-CC-CCᶠᶠ
BB-BB-BBᶠᶠ AA-AA-AAᶠᶠ BB-BB-BBᶠᶠ AA-AA-AAᶠᶠ BB-BB-BBᶠᶠ AA-AA-AAᶠᶠ BB-BB-BBᶠᶠ AA-AA-AAᶠᶠ
BB-BB-BBᶠᶠ AA-AA-AAᶠᶠ AA-AA-AAᶠᶠ AA-AA-AAᶠᶠ BB-BB-BBᶠᶠ AA-AA-AAᶠᶠ AA-AA-AAᶠᶠ AA-AA-AAᶠᶠ
BB-BB-BBᶠᶠ BB-BB-BBᶠᶠ BB-BB-BBᶠᶠ BB-BB-BBᶠᶠ AA-AA-AAᶠᶠ AA-AA-AAᶠᶠ AA-AA-AAᶠᶠ AA-AA-AAᶠᶠ
`;

exports[`Flipping plugin > can flip horizontally 1`] = `
Visualization:

BBBBAAAA
BAAABAAA
BABABABA
CCCCCCCC
CCCCCCCC
CCCCCCCC
AACCCCAA

Data:

BB-BB-BBᶠᶠ BB-BB-BBᶠᶠ BB-BB-BBᶠᶠ BB-BB-BBᶠᶠ AA-AA-AAᶠᶠ AA-AA-AAᶠᶠ AA-AA-AAᶠᶠ AA-AA-AAᶠᶠ
BB-BB-BBᶠᶠ AA-AA-AAᶠᶠ AA-AA-AAᶠᶠ AA-AA-AAᶠᶠ BB-BB-BBᶠᶠ AA-AA-AAᶠᶠ AA-AA-AAᶠᶠ AA-AA-AAᶠᶠ
BB-BB-BBᶠᶠ AA-AA-AAᶠᶠ BB-BB-BBᶠᶠ AA-AA-AAᶠᶠ BB-BB-BBᶠᶠ AA-AA-AAᶠᶠ BB-BB-BBᶠᶠ AA-AA-AAᶠᶠ
CC-CC-CCᶠᶠ CC-CC-CCᶠᶠ CC-CC-CCᶠᶠ CC-CC-CCᶠᶠ CC-CC-CCᶠᶠ CC-CC-CCᶠᶠ CC-CC-CCᶠᶠ CC-CC-CCᶠᶠ
CC-CC-CCᶠᶠ CC-CC-CCᶠᶠ CC-CC-CCᶠᶠ CC-CC-CCᶠᶠ CC-CC-CCᶠᶠ CC-CC-CCᶠᶠ CC-CC-CCᶠᶠ CC-CC-CCᶠᶠ
CC-CC-CCᶠᶠ CC-CC-CCᶠᶠ CC-CC-CCᶠᶠ CC-CC-CCᶠᶠ CC-CC-CCᶠᶠ CC-CC-CCᶠᶠ CC-CC-CCᶠᶠ CC-CC-CCᶠᶠ
AA-AA-AAᶠᶠ AA-AA-AAᶠᶠ CC-CC-CCᶠᶠ CC-CC-CCᶠᶠ CC-CC-CCᶠᶠ CC-CC-CCᶠᶠ AA-AA-AAᶠᶠ AA-AA-AAᶠᶠ
`;

exports[`Flipping plugin > can flip vertically 1`] = `
Visualization:

AACCCCAA
CCCCCCCC
CCCCCCCC
CCCCCCCC
ABABABAB
AAABAAAB
AAAABBBB

Data:

AA-AA-AAᶠᶠ AA-AA-AAᶠᶠ CC-CC-CCᶠᶠ CC-CC-CCᶠᶠ CC-CC-CCᶠᶠ CC-CC-CCᶠᶠ AA-AA-AAᶠᶠ AA-AA-AAᶠᶠ
CC-CC-CCᶠᶠ CC-CC-CCᶠᶠ CC-CC-CCᶠᶠ CC-CC-CCᶠᶠ CC-CC-CCᶠᶠ CC-CC-CCᶠᶠ CC-CC-CCᶠᶠ CC-CC-CCᶠᶠ
CC-CC-CCᶠᶠ CC-CC-CCᶠᶠ CC-CC-CCᶠᶠ CC-CC-CCᶠᶠ CC-CC-CCᶠᶠ CC-CC-CCᶠᶠ CC-CC-CCᶠᶠ CC-CC-CCᶠᶠ
CC-CC-CCᶠᶠ CC-CC-CCᶠᶠ CC-CC-CCᶠᶠ CC-CC-CCᶠᶠ CC-CC-CCᶠᶠ CC-CC-CCᶠᶠ CC-CC-CCᶠᶠ CC-CC-CCᶠᶠ
AA-AA-AAᶠᶠ BB-BB-BBᶠᶠ AA-AA-AAᶠᶠ BB-BB-BBᶠᶠ AA-AA-AAᶠᶠ BB-BB-BBᶠᶠ AA-AA-AAᶠᶠ BB-BB-BBᶠᶠ
AA-AA-AAᶠᶠ AA-AA-AAᶠᶠ AA-AA-AAᶠᶠ BB-BB-BBᶠᶠ AA-AA-AAᶠᶠ AA-AA-AAᶠᶠ AA-AA-AAᶠᶠ BB-BB-BBᶠᶠ
AA-AA-AAᶠᶠ AA-AA-AAᶠᶠ AA-AA-AAᶠᶠ AA-AA-AAᶠᶠ BB-BB-BBᶠᶠ BB-BB-BBᶠᶠ BB-BB-BBᶠᶠ BB-BB-BBᶠᶠ
`;
