// Vitest Snapshot v1, https://vitest.dev/guide/snapshot.html

exports[`Normalize > change grayscale image 1`] = `
Visualization:

■5▦
5▦A
▦A□

Data:

00-00-00ᶠᶠ 55-55-55ᶠᶠ 80-80-80ᶠᶠ
55-55-55ᶠᶠ 80-80-80ᶠᶠ AA-AA-AAᶠᶠ
80-80-80ᶠᶠ AA-AA-AAᶠᶠ FF-FF-FFᶠᶠ
`;

exports[`Normalize > change red/blue image 1`] = `
Visualization:

■□▩
E▸▰

Data:

00-00-00ᶠᶠ 7F-00-66ᶠᶠ 7F-00-66⁰⁰
7F-00-00ᶠᶠ 00-00-66ᶠᶠ FF-00-FFᶠᶠ
`;
